Felix says meow
no such cat
Felix says meow
Rex says woof
Gerald is some other animal
Alice scored 10
no score
Bob scored 99
no score
nothing is zero
life the universe and everything is the answer
lucky is 7
nothing
order 1: reach Ada at ada@example.com
order 2: no contact on file
order 3: no contact on file
Ada
guest
describe(-1): minus one
describe(2): small
describe(7): large
describe(42): other
origin
on y axis at 5
on x axis at 3
(3, 4)
area of a circle: 12.56636
area of a square: 9
area of a triangle: 10
round, radius 2
not round
if let guard: big enough, radius 5
if let guard: not big enough
large circle
circle radius 2
square side 3
weekend
weekday
origin
elsewhere
forty-two
nothing
something else
sum: 9
sum until negative: 6
chain length: 5
tree size: 10
black height: 3
empty
node with value 15
