Felix says meow
no such cat
Felix says meow
Rex says woof
Gerald is some other animal
Alice scored 10
no score
Bob scored 99
no score
nothing is zero
life the universe and everything is the answer
lucky is 7
nothing
order 1: reach Ada at ada@example.com
order 2: no contact on file
order 3: no contact on file
Ada
guest
describe(-1): minus one
describe(2): small
describe(7): large
describe(42): other
origin
on y axis at 5
on x axis at 3
(3, 4)
