Felix says meow
Rex says woof
Gerald is some other animal
Felix says meow
no such pet
Alice scored 10
no score
winner: Bob
zero: nothing
answer: answer
other 7: lucky
nothing
describe(-1): minus one
describe(2): small
describe(7): other
describe(42): other
origin
on y axis at 5
on x axis at 3
(3, 4)
